#
# There is insufficient memory for the Java Runtime Environment to continue.
# Native memory allocation (mmap) failed to map 130023424 bytes. Error detail: G1 virtual space
# Possible reasons:
#   The system is out of physical RAM or swap space
#   This process is running with CompressedOops enabled, and the Java Heap may be blocking the growth of the native heap
# Possible solutions:
#   Reduce memory load on the system
#   Increase physical memory or swap space
#   Check if swap backing store is full
#   Decrease Java heap size (-Xmx/-Xms)
#   Decrease number of Java threads
#   Decrease Java thread stack sizes (-Xss)
#   Set larger code cache with -XX:ReservedCodeCacheSize=
#   JVM is running with Unscaled Compressed Oops mode in which the Java heap is
#     placed in the first 4GB address space. The Java Heap base address is the
#     maximum limit for the native heap growth. Please use -XX:HeapBaseMinAddress
#     to set the Java Heap base and to place the Java Heap above 4GB virtual address.
# This output file may be truncated or incomplete.
#
#  Out of Memory Error (os_windows.cpp:3766), pid=85248, tid=64636
#
# JRE version:  (25.0.3+9) (build )
# Java VM: OpenJDK 64-Bit Server VM (25.0.3+9-b508.16, mixed mode, sharing, tiered, compressed oops, compressed class ptrs, g1 gc, windows-amd64)
# No core dump will be written. Minidumps are not enabled by default on client versions of Windows
#

---------------  S U M M A R Y ------------

Command Line: git4idea.http.GitAskPassApp Username for 'https://github.com': 

Host: 12th Gen Intel(R) Core(TM) i5-1235U, 12 cores, 7G,  Windows 11 , 64 bit Build 26100 (10.0.26100.8875)
Time: Fri Aug 28 15:05:11 2026 SE Asia Standard Time elapsed time: 1.095876 seconds (0d 0h 0m 1s)

---------------  T H R E A D  ---------------

Current thread (0x0000020b18805020):  JavaThread "Unknown thread" [_thread_in_vm, id=64636, stack(0x000000457c700000,0x000000457c800000) (1024K)]

Stack: [0x000000457c700000,0x000000457c800000]
Native frames: (J=compiled Java code, j=interpreted, Vv=VM code, C=native code)
V  [jvm.dll+0x7c2949]  (no source info available)
V  [jvm.dll+0x78c01d]  (no source info available)
V  [jvm.dll+0xa105b3]  (no source info available)
V  [jvm.dll+0xa12dac]  (no source info available)
V  [jvm.dll+0xa134a3]  (no source info available)
V  [jvm.dll+0x308106]  (no source info available)
V  [jvm.dll+0x7beb55]  (no source info available)
V  [jvm.dll+0x7b1ae7]  (no source info available)
V  [jvm.dll+0x40224e]  (no source info available)
V  [jvm.dll+0x40a06b]  (no source info available)
V  [jvm.dll+0x3f68a9]  (no source info available)
V  [jvm.dll+0x3f6b5b]  (no source info available)
V  [jvm.dll+0x3ccb73]  (no source info available)
V  [jvm.dll+0x3cd7de]  (no source info available)
V  [jvm.dll+0x9d6907]  (no source info available)
V  [jvm.dll+0x467992]  (no source info available)
V  [jvm.dll+0x9ba039]  (no source info available)
V  [jvm.dll+0x509dd1]  (no source info available)
V  [jvm.dll+0x50b741]  (no source info available)
C  [jli.dll+0x5422]  (no source info available)
C  [ucrtbase.dll+0x2cd30]  (no source info available)
C  [KERNEL32.DLL+0x2e957]  (no source info available)
C  [ntdll.dll+0xaad6c]  (no source info available)

Lock stack of current Java thread (top to bottom):


---------------  P R O C E S S  ---------------

Threads class SMR info:
_java_thread_list=0x00007ffc696fc108, length=0, elements={
}

Java Threads: ( => current thread )
Total: 0

Other Threads:
  0x0000020b1ab9f7b0 WorkerThread "GC Thread#0"                     [id=40656, stack(0x000000457c800000,0x000000457c900000) (1024K)]
  0x0000020b1abb8e70 ConcurrentGCThread "G1 Main Marker"            [id=88644, stack(0x000000457c900000,0x000000457ca00000) (1024K)]
  0x0000020b1abba020 WorkerThread "G1 Conc#0"                       [id=35532, stack(0x000000457ca00000,0x000000457cb00000) (1024K)]

[error occurred during error reporting (printing all threads), id 0xc0000005, EXCEPTION_ACCESS_VIOLATION (0xc0000005) at pc=0x00007ffc68d1194a]
VM state: not at safepoint (not fully initialized)

VM Mutex/Monitor currently owned by a thread:  ([mutex/lock_event])
[0x00007ffc69784fb0] Heap_lock - owner thread: 0x0000020b18805020

Heap address: 0x0000000084e00000, size: 1970 MB, Compressed Oops mode: 32-bit

CDS archive(s) mapped at: [0x0000000000000000-0x0000000000000000-0x0000000000000000), size 0, SharedBaseAddress: 0x0000000800000000, ArchiveRelocationMode: 1.
UseCompressedClassPointers 1, UseCompactObjectHeaders 0
Narrow klass pointer bits 32, Max shift 3
Narrow klass base: 0xffffffffffffffff, Narrow klass shift: -1
Encoding Range: [0xffffffffffffffff - 0x000000007fffffff), (2147483648 bytes)
Klass Range:    [0x0000000000000000 - 0x0000000000000000), (0 bytes)
Klass ID Range:  [4294967295 - 0) (1)
No protection zone.

GC Precious Log:
 CardTable entry size: 512
 Card Set container configuration: InlinePtr #cards 5 size 8 Array Of Cards #cards 10 size 36 Howl #buckets 4 coarsen threshold 1843 Howl Bitmap #cards 512 size 80 coarsen threshold 460 Card regions per heap region 1 cards per card region 2048

Heap:
 garbage-first heap   total reserved 2017280K, committed 0K, used 0K [0x0000000084e00000, 0x0000000100000000)
  region size 1024K, 0 young (0K), 0 survivors (0K)

Heap Regions: E=young(eden), S=young(survivor), O=old, HS=humongous(starts), HC=humongous(continues), CS=collection set, F=free, TAMS=top-at-mark-start, PB=parsable bottom

Card table byte_map: [0x0000020b2e000000,0x0000020b2e3e0000] _byte_map_base: 0x0000020b2dbd9000

Marking Bits: (CMBitMap*) 0x0000020b1ab9fd40
 Bits: [0x0000020b2e3e0000, 0x0000020b302a8000)

GC Heap Usage History (0 events):
No events

Metaspace Usage History (0 events):
No events

Dll operation events (1 events):
Event: 0.037 Loaded shared library E:\IntelliJ IDEA 2026.2.0.1\jbr\bin\java.dll

Deoptimization events (0 events):
No events

Classes loaded (0 events):
No events

Classes unloaded (0 events):
No events

Classes redefined (0 events):
No events

Internal exceptions (0 events):
No events

VM Operations (0 events):
No events

Memory protections (0 events):
No events

Nmethod flushes (0 events):
No events

Events (0 events):
No events


Dynamic libraries:
0x00007ff7da7e0000 - 0x00007ff7da7ea000 	E:\IntelliJ IDEA 2026.2.0.1\jbr\bin\java.exe
0x00007ffd07ac0000 - 0x00007ffd07d26000 	C:\WINDOWS\SYSTEM32\ntdll.dll
0x00007ffd05cf0000 - 0x00007ffd05db9000 	C:\WINDOWS\System32\KERNEL32.DLL
0x00007ffd053e0000 - 0x00007ffd057de000 	C:\WINDOWS\System32\KERNELBASE.dll
0x00007ffd04e80000 - 0x00007ffd04fcc000 	C:\WINDOWS\System32\ucrtbase.dll
0x00007ffcefc50000 - 0x00007ffcefc6e000 	E:\IntelliJ IDEA 2026.2.0.1\jbr\bin\VCRUNTIME140.dll
0x00007ffcf1a80000 - 0x00007ffcf1a97000 	E:\IntelliJ IDEA 2026.2.0.1\jbr\bin\jli.dll
0x00007ffd07100000 - 0x00007ffd072c7000 	C:\WINDOWS\System32\USER32.dll
0x00007ffd04e50000 - 0x00007ffd04e77000 	C:\WINDOWS\System32\win32u.dll
0x00007ffd06320000 - 0x00007ffd0634b000 	C:\WINDOWS\System32\GDI32.dll
0x00007ffd04fe0000 - 0x00007ffd0510a000 	C:\WINDOWS\System32\gdi32full.dll
0x00007ffd04ce0000 - 0x00007ffd04d83000 	C:\WINDOWS\System32\msvcp_win.dll
0x00007ffce45b0000 - 0x00007ffce4842000 	C:\WINDOWS\WinSxS\amd64_microsoft.windows.common-controls_6595b64144ccf1df_6.0.26100.8875_none_3e0d5d42e32fe9dd\COMCTL32.dll
0x00007ffd06430000 - 0x00007ffd064d9000 	C:\WINDOWS\System32\msvcrt.dll
0x00007ffd06ca0000 - 0x00007ffd06cd2000 	C:\WINDOWS\System32\IMM32.DLL
0x00007ffcf1cd0000 - 0x00007ffcf1cdc000 	E:\IntelliJ IDEA 2026.2.0.1\jbr\bin\vcruntime140_1.dll
0x00007ffc93c10000 - 0x00007ffc93c99000 	E:\IntelliJ IDEA 2026.2.0.1\jbr\bin\msvcp140.dll
0x00007ffc68930000 - 0x00007ffc69885000 	E:\IntelliJ IDEA 2026.2.0.1\jbr\bin\server\jvm.dll
0x00007ffd05980000 - 0x00007ffd05a37000 	C:\WINDOWS\System32\ADVAPI32.dll
0x00007ffd072d0000 - 0x00007ffd0737a000 	C:\WINDOWS\System32\sechost.dll
0x00007ffd07880000 - 0x00007ffd07998000 	C:\WINDOWS\System32\RPCRT4.dll
0x00007ffd05a40000 - 0x00007ffd05ac0000 	C:\WINDOWS\System32\WS2_32.dll
0x00007ffd04b60000 - 0x00007ffd04bbe000 	C:\WINDOWS\SYSTEM32\POWRPROF.dll
0x00007ffcef320000 - 0x00007ffcef32b000 	C:\WINDOWS\SYSTEM32\VERSION.dll
0x00007ffd01410000 - 0x00007ffd01446000 	C:\WINDOWS\SYSTEM32\WINMM.dll
0x00007ffd04b40000 - 0x00007ffd04b54000 	C:\WINDOWS\SYSTEM32\UMPDC.dll
0x00007ffd039c0000 - 0x00007ffd039db000 	C:\WINDOWS\SYSTEM32\kernel.appcore.dll
0x00007ffcf1a10000 - 0x00007ffcf1a1a000 	E:\IntelliJ IDEA 2026.2.0.1\jbr\bin\jimage.dll
0x00007ffd02160000 - 0x00007ffd023a2000 	C:\WINDOWS\SYSTEM32\DBGHELP.DLL
0x00007ffd07380000 - 0x00007ffd07703000 	C:\WINDOWS\System32\combase.dll
0x00007ffd06350000 - 0x00007ffd06429000 	C:\WINDOWS\System32\OLEAUT32.dll
0x00007ffcdf750000 - 0x00007ffcdf78b000 	C:\WINDOWS\SYSTEM32\dbgcore.DLL
0x00007ffd04d90000 - 0x00007ffd04e3c000 	C:\WINDOWS\System32\bcryptPrimitives.dll
0x00007ffcefc20000 - 0x00007ffcefc3f000 	E:\IntelliJ IDEA 2026.2.0.1\jbr\bin\java.dll
0x00007ffd06d60000 - 0x00007ffd06ef9000 	C:\WINDOWS\System32\ole32.dll
0x00007ffd06500000 - 0x00007ffd06c92000 	C:\WINDOWS\System32\SHELL32.dll

JVMTI agents: none

dbghelp: loaded successfully - version: 4.0.5 - missing functions: none
symbol engine: initialized successfully - sym options: 0x614 - pdb path: .;E:\IntelliJ IDEA 2026.2.0.1\jbr\bin;C:\WINDOWS\SYSTEM32;C:\WINDOWS\WinSxS\amd64_microsoft.windows.common-controls_6595b64144ccf1df_6.0.26100.8875_none_3e0d5d42e32fe9dd;E:\IntelliJ IDEA 2026.2.0.1\jbr\bin\server

VM Arguments:
java_command: git4idea.http.GitAskPassApp Username for 'https://github.com': 
java_class_path (initial): E:/IntelliJ IDEA 2026.2.0.1/plugins/vcs-git/lib/git4idea-rt.jar;E:/IntelliJ IDEA 2026.2.0.1/lib/externalProcess-rt.jar
Launcher Type: SUN_STANDARD

[Global flags]
     intx CICompilerCount                          = 4                                         {product} {ergonomic}
     uint ConcGCThreads                            = 3                                         {product} {ergonomic}
     uint G1ConcRefinementThreads                  = 10                                        {product} {ergonomic}
   size_t G1HeapRegionSize                         = 1048576                                   {product} {ergonomic}
   size_t InitialHeapSize                          = 130023424                                 {product} {ergonomic}
   size_t MarkStackSize                            = 4194304                                   {product} {ergonomic}
   size_t MarkStackSizeMax                         = 536870912                                 {product} {ergonomic}
   size_t MaxHeapSize                              = 2065694720                                {product} {ergonomic}
   size_t MinHeapDeltaBytes                        = 1048576                                   {product} {ergonomic}
   size_t MinHeapSize                              = 8388608                                   {product} {ergonomic}
    uintx NonNMethodCodeHeapSize                   = 5898240                                {pd product} {ergonomic}
    uintx NonProfiledCodeHeapSize                  = 122945536                              {pd product} {ergonomic}
    uintx ProfiledCodeHeapSize                     = 122945536                              {pd product} {ergonomic}
    uintx ReservedCodeCacheSize                    = 251789312                              {pd product} {ergonomic}
     bool SegmentedCodeCache                       = true                                      {product} {ergonomic}
   size_t SoftMaxHeapSize                          = 2065694720                             {manageable} {ergonomic}
     bool UseCompressedOops                        = true                           {product lp64_product} {ergonomic}
     bool UseG1GC                                  = true                                      {product} {ergonomic}
     bool UseLargePagesIndividualAllocation        = false                                  {pd product} {ergonomic}

Logging:
Log output configuration:
 #0: stdout all=warning uptime,level,tags foldmultilines=false
 #1: stderr all=off uptime,level,tags foldmultilines=false

Release file:
<release file has not been read>
Environment Variables:
JAVA_HOME=C:\Program Files\Java\jdk-11
PATH=E:/Program File/Git/mingw64/libexec/git-core;E:/Program File/Git/mingw64/libexec/git-core;E:\Program File\Git\mingw64\bin;E:\Program File\Git\usr\bin;C:\Users\Admin\bin;C:\Program Files (x86)\VMware\VMware Player\bin\;C:\Program Files\Common Files\Oracle\Java\javapath;C:\WINDOWS\system32;C:\WINDOWS;C:\WINDOWS\System32\Wbem;C:\WINDOWS\System32\WindowsPowerShell\v1.0\;C:\WINDOWS\System32\OpenSSH\;C:\Program Files\dotnet\;C:\Program Files\Java\jdk-11\bin;C:\Users\Admin\AppData\Local\Programs\Python\Python313\Scripts;C:\cd Python3.13.2\sqlmap;C:\Program Files\Microsoft SQL Server\Client SDK\ODBC\130\Tools\Binn\;C:\Program Files (x86)\Microsoft SQL Server\140\Tools\Binn\;C:\Program Files\Microsoft SQL Server\140\Tools\Binn\;C:\Program Files\Microsoft SQL Server\140\DTS\Binn\;C:\Program Files\Docker\Docker\resources\bin;C:\Program Files (x86)\Microsoft SQL Server\160\DTS\Binn\;C:\Program Files\PostgreSQL\13\bin;C:\Program Files (x86)\Microsoft SQL Server\170\Tools\Binn\;C:\Program Files\Microsoft SQL Server\170\Tools\Binn\;C:\Program Files\Microsoft SQL Server\Client SDK\ODBC\180\Tools\Binn\;C:\Program Files\Microsoft SQL Server\170\DTS\Binn\;E:\Program File\Git\cmd;E:\Node.js\;E:\Xampp\php;E:\composer;C:\Users\Admin\AppData\Local\Programs\Python\Python313\Scripts\;C:\Users\Admin\AppData\Local\Programs\Python\Python313\;C:\Users\Admin\AppData\Local\Programs\Python\Launcher\;C:\Users\Admin\AppData\Local\Microsoft\WindowsApps;C:\Users\Admin\AppData\Local\Programs\Microsoft VS Code\bin;C:\Users\Admin\AppData\Local\Programs\Python\Python313\Scripts;C:\Users\Admin\.dotnet\tools;C:\Users\Admin\AppData\Local\Python\bin;C:\Users\Admin\AppData\Roaming\npm;C:\Users\Admin\AppData\Roaming\Composer\vendor\bin
USERNAME=Admin
DISPLAY=:0.0
LC_ALL=en_US.UTF-8
TERM=xterm-256color
TMPDIR=C:\Users\Admin\AppData\Local\Temp
OS=Windows_NT
PROCESSOR_IDENTIFIER=Intel64 Family 6 Model 154 Stepping 4, GenuineIntel
TMP=C:\Users\Admin\AppData\Local\Temp
TEMP=C:\Users\Admin\AppData\Local\Temp




Compilation memory statistics disabled.

Periodic native trim disabled

JNI global refs:
JNI global refs: 0, weak refs: 0

JNI global refs memory usage: 0, weak refs: 0

Process memory usage:
Resident Set Size: 14536K (0% of 8065780K total physical memory with 294712K free physical memory)

OOME stack traces (most recent first):
Classloader memory used:

---------------  S Y S T E M  ---------------

OS:
 Windows 11 , 64 bit Build 26100 (10.0.26100.8875)
OS uptime: 13 days 7:37 hours
Hyper-V role detected

CPU: total 12 (initial active 12) (6 cores per cpu, 2 threads per core) family 6 model 154 stepping 4 microcode 0x43b, cx8, cmov, fxsr, ht, mmx, 3dnowpref, sse, sse2, sse3, ssse3, sse4.1, sse4.2, popcnt, lzcnt, tsc, tscinvbit, avx, avx2, aes, erms, clmul, bmi1, bmi2, adx, sha, fma, vzeroupper, clflush, clflushopt, clwb, hv, serialize, rdtscp, rdpid, fsrm, gfni, f16c, cet_ibt, cet_ss
Processor Information for the first 12 processors :
  Max Mhz: 1300, Current Mhz: 1300, Mhz Limit: 1300

Memory: 4k page, system-wide physical 7876M (287M free)
TotalPageFile size 32452M (AvailPageFile size 110M)
current process WorkingSet (physical memory assigned to process): 14M, peak: 14M
current process commit charge ("private bytes"): 64M, peak: 188M

vm_info: OpenJDK 64-Bit Server VM (25.0.3+9-b508.16) for windows-amd64 JRE (25.0.3+9-b508.16), built on 2026-06-22 with MS VC++ 17.14 (VS2022)

END.
